Traceback (most recent call last):
  File "/Users/rajatsable/Documents/web development/video downloader/comprehensive_test.py", line 6, in <module>
    import requests
ModuleNotFoundError: No module named 'requests'
